28
82
1
1
1
1
1
1
1
1
1
1
1
1
1
1
1
1
1
1
1
1
1
1
1
1
1
1
1
1
4 0 15 (-160.000000 246.000000 800.000000) (-160.000000 -374.000000 800.000000) (-160.000000 -374.000000 832.000000) (-160.000000 246.000000 832.000000) 
4 1 24 (-160.000000 -374.000000 800.000000) (-160.000000 -224.000000 800.000000) (-160.000000 -224.000000 512.000000) (-160.000000 -374.000000 512.000000) 
4 1 19 (-160.000000 64.000000 800.000000) (-160.000000 128.000000 800.000000) (-160.000000 128.000000 512.000000) (-160.000000 64.000000 512.000000) 
4 1 16 (-160.000000 192.000000 800.000000) (-160.000000 246.000000 800.000000) (-160.000000 246.000000 512.000000) (-160.000000 192.000000 512.000000) 
4 1 18 (-160.000000 128.000000 800.000000) (-160.000000 192.000000 800.000000) (-160.000000 192.000000 512.000000) (-160.000000 128.000000 512.000000) 
4 1 22 (-160.000000 -224.000000 800.000000) (-160.000000 64.000000 800.000000) (-160.000000 64.000000 512.000000) (-160.000000 -224.000000 512.000000) 
4 1 7 (-160.000000 -374.000000 512.000000) (-160.000000 64.000000 512.000000) (448.000000 64.000000 512.000000) (448.000000 -374.000000 512.000000) 
4 1 2 (-160.000000 128.000000 512.000000) (-160.000000 246.000000 512.000000) (352.000000 246.000000 512.000000) (352.000000 128.000000 512.000000) 
4 2 16 (-160.000000 246.000000 512.000000) (-160.000000 246.000000 208.592593) (-160.000000 192.000000 208.592593) (-160.000000 192.000000 512.000000) 
4 2 18 (-160.000000 192.000000 208.592593) (-160.000000 128.000000 208.592593) (-160.000000 128.000000 512.000000) (-160.000000 192.000000 512.000000) 
3 2 6 (-160.000000 128.000000 480.000000) (-160.000000 128.000000 208.592593) (298.000000 128.000000 480.000000) 
4 2 5 (-160.000000 128.000000 208.592593) (-160.000000 192.000000 208.592593) (352.000000 192.000000 512.000000) (352.000000 128.000000 512.000000) 
4 3 10 (352.000000 246.000000 128.000000) (448.000000 246.000000 128.000000) (448.000000 128.000000 128.000000) (352.000000 128.000000 128.000000) 
4 3 6 (448.000000 128.000000 128.000000) (448.000000 128.000000 480.000000) (352.000000 128.000000 480.000000) (352.000000 128.000000 128.000000) 
4 3 4 (352.000000 192.000000 480.000000) (352.000000 246.000000 480.000000) (352.000000 246.000000 128.000000) (352.000000 192.000000 128.000000) 
4 3 5 (352.000000 128.000000 128.000000) (352.000000 128.000000 480.000000) (352.000000 192.000000 480.000000) (352.000000 192.000000 128.000000) 
4 4 17 (-160.000000 246.000000 184.615385) (-160.000000 246.000000 128.000000) (-160.000000 192.000000 128.000000) (-160.000000 192.000000 184.615385) 
4 4 14 (-160.000000 192.000000 128.000000) (-160.000000 246.000000 128.000000) (-96.000000 246.000000 128.000000) (-96.000000 192.000000 128.000000) 
4 4 11 (-96.000000 246.000000 128.000000) (192.000000 246.000000 128.000000) (192.000000 192.000000 128.000000) (-96.000000 192.000000 128.000000) 
4 4 10 (192.000000 246.000000 128.000000) (352.000000 246.000000 128.000000) (352.000000 192.000000 128.000000) (192.000000 192.000000 128.000000) 
4 4 5 (352.000000 192.000000 128.000000) (352.000000 192.000000 480.000000) (-160.000000 192.000000 184.615385) (-160.000000 192.000000 128.000000) 
4 5 18 (-160.000000 192.000000 128.000000) (-160.000000 128.000000 128.000000) (-160.000000 128.000000 208.592593) (-160.000000 192.000000 208.592593) 
4 5 14 (-160.000000 128.000000 128.000000) (-160.000000 192.000000 128.000000) (-96.000000 192.000000 128.000000) (-96.000000 128.000000 128.000000) 
4 5 11 (-96.000000 192.000000 128.000000) (192.000000 192.000000 128.000000) (192.000000 128.000000 128.000000) (-96.000000 128.000000 128.000000) 
4 5 10 (192.000000 192.000000 128.000000) (352.000000 192.000000 128.000000) (352.000000 128.000000 128.000000) (192.000000 128.000000 128.000000) 
5 5 6 (298.000000 128.000000 480.000000) (-160.000000 128.000000 208.592593) (-160.000000 128.000000 128.000000) (352.000000 128.000000 128.000000) (352.000000 128.000000 480.000000) 
4 6 21 (-160.000000 128.000000 128.000000) (-160.000000 64.000000 128.000000) (-160.000000 64.000000 480.000000) (-160.000000 128.000000 480.000000) 
4 6 14 (-160.000000 64.000000 128.000000) (-160.000000 128.000000 128.000000) (-96.000000 128.000000 128.000000) (-96.000000 64.000000 128.000000) 
4 6 11 (-96.000000 128.000000 128.000000) (192.000000 128.000000 128.000000) (192.000000 64.000000 128.000000) (-96.000000 64.000000 128.000000) 
4 6 10 (192.000000 128.000000 128.000000) (448.000000 128.000000 128.000000) (448.000000 64.000000 128.000000) (192.000000 64.000000 128.000000) 
4 6 8 (352.000000 64.000000 128.000000) (448.000000 64.000000 128.000000) (448.000000 64.000000 160.000000) (352.000000 64.000000 160.000000) 
4 6 9 (-160.000000 64.000000 160.000000) (-160.000000 64.000000 128.000000) (352.000000 64.000000 128.000000) (352.000000 64.000000 160.000000) 
4 6 7 (-160.000000 64.000000 480.000000) (-160.000000 64.000000 160.000000) (448.000000 64.000000 160.000000) (448.000000 64.000000 480.000000) 
4 7 24 (-160.000000 -374.000000 160.000000) (-160.000000 -374.000000 512.000000) (-160.000000 -224.000000 512.000000) (-160.000000 -224.000000 160.000000) 
4 7 22 (-160.000000 -224.000000 512.000000) (-160.000000 64.000000 512.000000) (-160.000000 64.000000 160.000000) (-160.000000 -224.000000 160.000000) 
4 7 8 (352.000000 64.000000 160.000000) (448.000000 64.000000 160.000000) (448.000000 -256.000000 160.000000) (352.000000 -256.000000 160.000000) 
4 7 9 (-160.000000 -374.000000 160.000000) (-160.000000 64.000000 160.000000) (352.000000 64.000000 160.000000) (352.000000 -374.000000 160.000000) 
4 8 10 (352.000000 -256.000000 128.000000) (352.000000 64.000000 128.000000) (448.000000 64.000000 128.000000) (448.000000 -256.000000 128.000000) 
4 8 9 (352.000000 64.000000 160.000000) (352.000000 64.000000 128.000000) (352.000000 -256.000000 128.000000) (352.000000 -256.000000 160.000000) 
4 9 24 (-160.000000 -224.000000 128.000000) (-160.000000 -374.000000 128.000000) (-160.000000 -374.000000 160.000000) (-160.000000 -224.000000 160.000000) 
4 9 22 (-160.000000 64.000000 128.000000) (-160.000000 -224.000000 128.000000) (-160.000000 -224.000000 160.000000) (-160.000000 64.000000 160.000000) 
4 9 14 (-160.000000 -234.000000 128.000000) (-160.000000 64.000000 128.000000) (-96.000000 64.000000 128.000000) (-96.000000 -234.000000 128.000000) 
4 9 12 (64.000000 -374.000000 128.000000) (-96.000000 -374.000000 128.000000) (-96.000000 -256.000000 128.000000) (64.000000 -256.000000 128.000000) 
4 9 11 (-96.000000 -256.000000 128.000000) (-96.000000 64.000000 128.000000) (192.000000 64.000000 128.000000) (192.000000 -256.000000 128.000000) 
4 9 10 (352.000000 -374.000000 128.000000) (192.000000 -374.000000 128.000000) (192.000000 64.000000 128.000000) (352.000000 64.000000 128.000000) 
4 10 11 (192.000000 -256.000000 128.000000) (192.000000 246.000000 128.000000) (192.000000 246.000000 96.000000) (192.000000 -256.000000 96.000000) 
4 10 13 (448.000000 -374.000000 96.000000) (192.000000 -374.000000 96.000000) (192.000000 246.000000 96.000000) (448.000000 246.000000 96.000000) 
4 11 14 (-96.000000 246.000000 128.000000) (-96.000000 246.000000 96.000000) (-96.000000 -234.000000 96.000000) (-96.000000 -234.000000 128.000000) 
4 11 12 (-96.000000 -256.000000 128.000000) (-96.000000 -256.000000 96.000000) (64.000000 -256.000000 96.000000) (64.000000 -256.000000 128.000000) 
4 11 13 (-96.000000 -256.000000 96.000000) (-96.000000 246.000000 96.000000) (192.000000 246.000000 96.000000) (192.000000 -256.000000 96.000000) 
4 12 13 (64.000000 -374.000000 96.000000) (-96.000000 -374.000000 96.000000) (-96.000000 -256.000000 96.000000) (64.000000 -256.000000 96.000000) 
4 13 14 (-96.000000 246.000000 96.000000) (-96.000000 246.000000 -34.461538) (-96.000000 -234.000000 -34.461538) (-96.000000 -234.000000 96.000000) 
4 14 25 (-160.000000 -224.000000 0.000000) (-160.000000 -234.000000 0.000000) (-160.000000 -234.000000 128.000000) (-160.000000 -224.000000 128.000000) 
4 14 21 (-160.000000 128.000000 0.000000) (-160.000000 64.000000 0.000000) (-160.000000 64.000000 128.000000) (-160.000000 128.000000 128.000000) 
4 14 17 (-160.000000 246.000000 128.000000) (-160.000000 246.000000 0.000000) (-160.000000 192.000000 0.000000) (-160.000000 192.000000 128.000000) 
4 14 18 (-160.000000 192.000000 0.000000) (-160.000000 128.000000 0.000000) (-160.000000 128.000000 128.000000) (-160.000000 192.000000 128.000000) 
4 14 22 (-160.000000 64.000000 0.000000) (-160.000000 -224.000000 0.000000) (-160.000000 -224.000000 128.000000) (-160.000000 64.000000 128.000000) 
4 16 23 (-576.000000 246.000000 800.000000) (-576.000000 246.000000 -0.000000) (-576.000000 192.000000 0.000000) (-576.000000 192.000000 800.000000) 
5 16 18 (-576.000000 192.000000 0.000000) (-512.000000 192.000000 0.000000) (-160.000000 192.000000 208.592593) (-160.000000 192.000000 800.000000) (-576.000000 192.000000 800.000000) 
3 17 18 (-480.000000 192.000000 0.000000) (-160.000000 192.000000 -0.000000) (-160.000000 192.000000 184.615385) 
4 18 23 (-576.000000 192.000000 0.000000) (-576.000000 128.000000 0.000000) (-576.000000 128.000000 800.000000) (-576.000000 192.000000 800.000000) 
4 18 19 (-160.000000 128.000000 512.000000) (-160.000000 128.000000 800.000000) (-480.000000 128.000000 800.000000) (-480.000000 128.000000 512.000000) 
4 18 20 (-576.000000 128.000000 800.000000) (-576.000000 128.000000 480.000000) (-480.000000 128.000000 480.000000) (-480.000000 128.000000 800.000000) 
4 18 21 (-576.000000 128.000000 480.000000) (-576.000000 128.000000 -0.000000) (-160.000000 128.000000 0.000000) (-160.000000 128.000000 480.000000) 
4 19 20 (-480.000000 64.000000 512.000000) (-480.000000 64.000000 800.000000) (-480.000000 128.000000 800.000000) (-480.000000 128.000000 512.000000) 
4 19 22 (-160.000000 64.000000 512.000000) (-160.000000 64.000000 800.000000) (-480.000000 64.000000 800.000000) (-480.000000 64.000000 512.000000) 
4 20 23 (-576.000000 64.000000 480.000000) (-576.000000 64.000000 800.000000) (-576.000000 128.000000 800.000000) (-576.000000 128.000000 480.000000) 
4 20 21 (-480.000000 64.000000 480.000000) (-576.000000 64.000000 480.000000) (-576.000000 128.000000 480.000000) (-480.000000 128.000000 480.000000) 
4 20 22 (-480.000000 64.000000 800.000000) (-576.000000 64.000000 800.000000) (-576.000000 64.000000 480.000000) (-480.000000 64.000000 480.000000) 
4 21 23 (-576.000000 128.000000 0.000000) (-576.000000 64.000000 0.000000) (-576.000000 64.000000 480.000000) (-576.000000 128.000000 480.000000) 
4 21 22 (-576.000000 64.000000 0.000000) (-160.000000 64.000000 -0.000000) (-160.000000 64.000000 480.000000) (-576.000000 64.000000 480.000000) 
3 22 27 (-480.000000 -224.000000 128.000000) (-576.000000 -224.000000 128.000000) (-576.000000 -224.000000 64.000000) 
4 22 26 (-352.000000 -224.000000 0.000000) (-224.000000 -224.000000 0.000000) (-224.000000 -224.000000 128.000000) (-352.000000 -224.000000 128.000000) 
4 22 25 (-224.000000 -224.000000 0.000000) (-160.000000 -224.000000 -0.000000) (-160.000000 -224.000000 128.000000) (-224.000000 -224.000000 128.000000) 
4 22 24 (-160.000000 -224.000000 128.000000) (-160.000000 -224.000000 800.000000) (-576.000000 -224.000000 800.000000) (-576.000000 -224.000000 128.000000) 
5 22 23 (-576.000000 64.000000 0.000000) (-576.000000 -64.000000 0.000000) (-576.000000 -224.000000 64.000000) (-576.000000 -224.000000 800.000000) (-576.000000 64.000000 800.000000) 
4 23 27 (-576.000000 -224.000000 64.000000) (-576.000000 -224.000000 128.000000) (-683.444000 -224.000000 128.000000) (-683.444000 -224.000000 64.000000) 
4 23 24 (-576.000000 -224.000000 128.000000) (-576.000000 -224.000000 800.000000) (-683.444000 -224.000000 800.000000) (-683.444000 -224.000000 128.000000) 
4 24 27 (-683.444000 -374.000000 128.000000) (-683.444000 -224.000000 128.000000) (-480.000000 -224.000000 128.000000) (-480.000000 -374.000000 128.000000) 
4 24 26 (-352.000000 -224.000000 128.000000) (-224.000000 -224.000000 128.000000) (-224.000000 -374.000000 128.000000) (-352.000000 -374.000000 128.000000) 
4 24 25 (-224.000000 -224.000000 128.000000) (-160.000000 -224.000000 128.000000) (-160.000000 -234.000000 128.000000) (-224.000000 -234.000000 128.000000) 
4 25 26 (-224.000000 -224.000000 128.000000) (-224.000000 -224.000000 0.000000) (-224.000000 -234.000000 0.000000) (-224.000000 -234.000000 128.000000) 
